---
source: tests/e2e/tui_tests.rs
expression: terminal.backend()
---
"rslph                                             test-project (claude-sonnet-4)"
"Iter 0/5 | Task 0/0 | In: 0 | Out: 0 | CacheW: 0 | CacheR: 0 |        0%        "
"────────────────────────────────────────────────────────────────────────────────"
"                                                                                "
"                                                                                "
"                                                                                "
"                                                                                "
"                                                                                "
"                                                                                "
"                                                                                "
"                                                                                "
"                                                                                "
"                                                                                "
"                                                                                "
"                                                                                "
"                                                                                "
"                                                                                "
"                                                                                "
"                                                                                "
"                                                                                "
"                                                                                "
"                                                                                "
"                                                                                "
"j/k:scroll  Tab:select  Enter:toggle  {/}:iteration  p:pause  Ctrl+C:quit       "
