---
source: tests/e2e/tui_tests.rs
expression: terminal.backend()
---
"rslph                                                  ◆ claude-opus-4-5 | 00:00"
"Iter 2/10 | Task 1/0 | In: 3.5k | Out: 1.8k | CacheW: 500.0 | CacheR: 1.2k | 0% "
"────────────────────────────────────────────────────────────────────────────────"
"┌─ Claude (Iteration 2) ───                                                     "
"└─────                                                                          "
"                                                                                "
"                                                                                "
"                                                                                "
"                                                                                "
"                                                                                "
"                                                                                "
"                                                                                "
"                                                                                "
"                                                                                "
"                                                                                "
"                                                                                "
"                                                                                "
"                                                                                "
"                                                                                "
"                                                                                "
"                                                                                "
"                                                                                "
"                                                                                "
"j/k:scroll  Tab:select  Enter:toggle  {/}:iteration  c:conversation  p:pause  Ct"
